# Config parser (valid) tests

## comments_only.conf

```
default {
  
}

fuzz {
  
}
```
## defaults.conf

```
default {
  try machine localhost
  try backend herd
}

fuzz {
  
}
```
## empty.conf

```
default {
  
}

fuzz {
  
}
```
## params.conf

```
default {
  
}

fuzz {
  action var.make 10
  set param action.cap.upper to 1000
  set flag action.enable to 2:1
  set flag action.pick-extra to no
  set flag mem.unsafe-weaken-orders to yes
}
```

Ran 4 test(s).
