# Config parser (valid) tests

## comments_only.conf

```
default {
  
}

fuzz {
  
}
```
## defaults.conf

```
default {
  try arch x86.att
  try compiler localhost.gcc.x86.normal
  try machine localhost
  try backend herd
}

fuzz {
  
}
```
## empty.conf

```
default {
  
}

fuzz {
  
}
```

Ran 3 test(s).
