# Dump-stats tests

## fuzz_local_bools.c.litmus

```
threads 3
returns 1
literal-bools 1
atomic-cmpxchg-statements 0
atomic-fence-statements 1
atomic-fetch-statements 5
atomic-load-statements 0
atomic-store-statements 4
atomic-xchg-statements 0
```
## iriw.c.litmus

```
threads 4
returns 0
literal-bools 0
atomic-cmpxchg-statements 0
atomic-fence-statements 0
atomic-fetch-statements 0
atomic-load-statements 0
atomic-store-statements 2
atomic-xchg-statements 0
```
## iriw_fuzz_redundant.c.litmus

```
threads 5
returns 0
literal-bools 0
atomic-cmpxchg-statements 0
atomic-fence-statements 0
atomic-fetch-statements 0
atomic-load-statements 0
atomic-store-statements 5
atomic-xchg-statements 0
```
## memalloy_cmpxchg.c.litmus

```
threads 2
returns 0
literal-bools 0
atomic-cmpxchg-statements 1
atomic-fence-statements 0
atomic-fetch-statements 0
atomic-load-statements 0
atomic-store-statements 1
atomic-xchg-statements 0
```
## memalloy_na_int.c.litmus

```
threads 1
returns 0
literal-bools 0
atomic-cmpxchg-statements 0
atomic-fence-statements 0
atomic-fetch-statements 0
atomic-load-statements 0
atomic-store-statements 0
atomic-xchg-statements 0
```
## rwc.c.litmus

```
threads 3
returns 0
literal-bools 0
atomic-cmpxchg-statements 0
atomic-fence-statements 0
atomic-fetch-statements 0
atomic-load-statements 0
atomic-store-statements 2
atomic-xchg-statements 0
```

Ran 6 test(s).
