# Litmus-failures tests

## cpp.c.litmus

```
("While reading from file:" input/litmus/failures/cpp.c.litmus
  "File \"input/litmus/failures/cpp.c.litmus\", line 13, characters 0-1:\
 \nlexing error: C preprocessor directives aren't supported.")
```
## location_fn.c.litmus

```
("While reading from file:" input/litmus/failures/location_fn.c.litmus
  "File \"input/litmus/failures/location_fn.c.litmus\", line 11, characters 9-10:\
 \nparse error: Expected a '{' to open a Litmus locations stanza.\
 \n(If this error occurs near a use of the word \"locations\" as an identifier,\
 \nrename it; it is clashing with a Litmus keyword.)\
 \n")
```
## tx_atomic_nonblock.litmus

```
("While reading from file:" input/litmus/failures/tx_atomic_nonblock.litmus
  "File \"input/litmus/failures/tx_atomic_nonblock.litmus\", line 14, characters 9-10:\
 \nparse error: Keyword `atomic` must be followed by a block\
 \n")
```
## tx_sync_nonblock.litmus

```
("While reading from file:" input/litmus/failures/tx_sync_nonblock.litmus
  "File \"input/litmus/failures/tx_sync_nonblock.litmus\", line 14, characters 15-16:\
 \nparse error: Keyword `synchronized` must be followed by a block\
 \n")
```

Ran 4 test(s).
