# Litmusifier tests

## iriw_x86_always_post.txt

```
{
  "flags": [ "sat" ],
  "states": [
    { "a": "0", "b": "0", "c": "0", "d": "0", "x": "1", "y": "1" },
    { "a": "0", "b": "0", "c": "0", "d": "1", "x": "1", "y": "1" },
    { "a": "0", "b": "0", "c": "1", "d": "0", "x": "1", "y": "1" },
    { "a": "0", "b": "0", "c": "1", "d": "1", "x": "1", "y": "1" },
    { "a": "0", "b": "1", "c": "0", "d": "0", "x": "1", "y": "1" },
    { "a": "0", "b": "1", "c": "0", "d": "1", "x": "1", "y": "1" },
    { "a": "0", "b": "1", "c": "1", "d": "0", "x": "1", "y": "1" },
    { "a": "0", "b": "1", "c": "1", "d": "1", "x": "1", "y": "1" },
    { "a": "1", "b": "0", "c": "0", "d": "0", "x": "1", "y": "1" },
    { "a": "1", "b": "0", "c": "0", "d": "1", "x": "1", "y": "1" },
    { "a": "1", "b": "0", "c": "1", "d": "1", "x": "1", "y": "1" },
    { "a": "1", "b": "1", "c": "0", "d": "0", "x": "1", "y": "1" },
    { "a": "1", "b": "1", "c": "0", "d": "1", "x": "1", "y": "1" },
    { "a": "1", "b": "1", "c": "1", "d": "0", "x": "1", "y": "1" },
    { "a": "1", "b": "1", "c": "1", "d": "1", "x": "1", "y": "1" }
  ],
  "witnesses": [
    { "a": "0", "b": "0", "c": "0", "d": "0", "x": "1", "y": "1" },
    { "a": "0", "b": "0", "c": "0", "d": "1", "x": "1", "y": "1" },
    { "a": "0", "b": "0", "c": "1", "d": "0", "x": "1", "y": "1" },
    { "a": "0", "b": "0", "c": "1", "d": "1", "x": "1", "y": "1" },
    { "a": "0", "b": "1", "c": "0", "d": "0", "x": "1", "y": "1" },
    { "a": "0", "b": "1", "c": "0", "d": "1", "x": "1", "y": "1" },
    { "a": "0", "b": "1", "c": "1", "d": "0", "x": "1", "y": "1" },
    { "a": "0", "b": "1", "c": "1", "d": "1", "x": "1", "y": "1" },
    { "a": "1", "b": "0", "c": "0", "d": "0", "x": "1", "y": "1" },
    { "a": "1", "b": "0", "c": "0", "d": "1", "x": "1", "y": "1" },
    { "a": "1", "b": "0", "c": "1", "d": "1", "x": "1", "y": "1" },
    { "a": "1", "b": "1", "c": "0", "d": "0", "x": "1", "y": "1" },
    { "a": "1", "b": "1", "c": "0", "d": "1", "x": "1", "y": "1" },
    { "a": "1", "b": "1", "c": "1", "d": "0", "x": "1", "y": "1" },
    { "a": "1", "b": "1", "c": "1", "d": "1", "x": "1", "y": "1" }
  ],
  "counter_examples": []
}```
## iriw_x86_fail_post.txt

```
{
  "flags": [ "unsat" ],
  "states": [
    { "a": "0", "b": "0", "c": "0", "d": "0", "x": "1", "y": "1" },
    { "a": "0", "b": "0", "c": "0", "d": "1", "x": "1", "y": "1" },
    { "a": "0", "b": "0", "c": "1", "d": "0", "x": "1", "y": "1" },
    { "a": "0", "b": "0", "c": "1", "d": "1", "x": "1", "y": "1" },
    { "a": "0", "b": "1", "c": "0", "d": "0", "x": "1", "y": "1" },
    { "a": "0", "b": "1", "c": "0", "d": "1", "x": "1", "y": "1" },
    { "a": "0", "b": "1", "c": "1", "d": "0", "x": "1", "y": "1" },
    { "a": "0", "b": "1", "c": "1", "d": "1", "x": "1", "y": "1" },
    { "a": "1", "b": "0", "c": "0", "d": "0", "x": "1", "y": "1" },
    { "a": "1", "b": "0", "c": "0", "d": "1", "x": "1", "y": "1" },
    { "a": "1", "b": "0", "c": "1", "d": "1", "x": "1", "y": "1" },
    { "a": "1", "b": "1", "c": "0", "d": "0", "x": "1", "y": "1" },
    { "a": "1", "b": "1", "c": "0", "d": "1", "x": "1", "y": "1" },
    { "a": "1", "b": "1", "c": "1", "d": "0", "x": "1", "y": "1" },
    { "a": "1", "b": "1", "c": "1", "d": "1", "x": "1", "y": "1" }
  ],
  "witnesses": [],
  "counter_examples": [
    { "a": "0", "b": "0", "c": "0", "d": "0", "x": "1", "y": "1" },
    { "a": "0", "b": "0", "c": "0", "d": "1", "x": "1", "y": "1" },
    { "a": "0", "b": "0", "c": "1", "d": "0", "x": "1", "y": "1" },
    { "a": "0", "b": "0", "c": "1", "d": "1", "x": "1", "y": "1" },
    { "a": "0", "b": "1", "c": "0", "d": "0", "x": "1", "y": "1" },
    { "a": "0", "b": "1", "c": "0", "d": "1", "x": "1", "y": "1" },
    { "a": "0", "b": "1", "c": "1", "d": "0", "x": "1", "y": "1" },
    { "a": "0", "b": "1", "c": "1", "d": "1", "x": "1", "y": "1" },
    { "a": "1", "b": "0", "c": "0", "d": "0", "x": "1", "y": "1" },
    { "a": "1", "b": "0", "c": "0", "d": "1", "x": "1", "y": "1" },
    { "a": "1", "b": "0", "c": "1", "d": "1", "x": "1", "y": "1" },
    { "a": "1", "b": "1", "c": "0", "d": "0", "x": "1", "y": "1" },
    { "a": "1", "b": "1", "c": "0", "d": "1", "x": "1", "y": "1" },
    { "a": "1", "b": "1", "c": "1", "d": "0", "x": "1", "y": "1" },
    { "a": "1", "b": "1", "c": "1", "d": "1", "x": "1", "y": "1" }
  ]
}```
## iriw_x86_pass_post.txt

```
{
  "flags": [ "sat" ],
  "states": [
    { "a": "0", "b": "0", "c": "0", "d": "0", "x": "1", "y": "1" },
    { "a": "0", "b": "0", "c": "0", "d": "1", "x": "1", "y": "1" },
    { "a": "0", "b": "0", "c": "1", "d": "0", "x": "1", "y": "1" },
    { "a": "0", "b": "0", "c": "1", "d": "1", "x": "1", "y": "1" },
    { "a": "0", "b": "1", "c": "0", "d": "0", "x": "1", "y": "1" },
    { "a": "0", "b": "1", "c": "0", "d": "1", "x": "1", "y": "1" },
    { "a": "0", "b": "1", "c": "1", "d": "0", "x": "1", "y": "1" },
    { "a": "0", "b": "1", "c": "1", "d": "1", "x": "1", "y": "1" },
    { "a": "1", "b": "0", "c": "0", "d": "0", "x": "1", "y": "1" },
    { "a": "1", "b": "0", "c": "0", "d": "1", "x": "1", "y": "1" },
    { "a": "1", "b": "0", "c": "1", "d": "1", "x": "1", "y": "1" },
    { "a": "1", "b": "1", "c": "0", "d": "0", "x": "1", "y": "1" },
    { "a": "1", "b": "1", "c": "0", "d": "1", "x": "1", "y": "1" },
    { "a": "1", "b": "1", "c": "1", "d": "0", "x": "1", "y": "1" },
    { "a": "1", "b": "1", "c": "1", "d": "1", "x": "1", "y": "1" }
  ],
  "witnesses": [
    { "a": "0", "b": "0", "c": "0", "d": "0", "x": "1", "y": "1" },
    { "a": "0", "b": "0", "c": "1", "d": "0", "x": "1", "y": "1" },
    { "a": "0", "b": "1", "c": "0", "d": "0", "x": "1", "y": "1" },
    { "a": "0", "b": "1", "c": "1", "d": "0", "x": "1", "y": "1" },
    { "a": "1", "b": "0", "c": "0", "d": "0", "x": "1", "y": "1" },
    { "a": "1", "b": "1", "c": "0", "d": "0", "x": "1", "y": "1" },
    { "a": "1", "b": "1", "c": "1", "d": "0", "x": "1", "y": "1" }
  ],
  "counter_examples": [
    { "a": "0", "b": "0", "c": "0", "d": "1", "x": "1", "y": "1" },
    { "a": "0", "b": "0", "c": "1", "d": "1", "x": "1", "y": "1" },
    { "a": "0", "b": "1", "c": "0", "d": "1", "x": "1", "y": "1" },
    { "a": "0", "b": "1", "c": "1", "d": "1", "x": "1", "y": "1" },
    { "a": "1", "b": "0", "c": "0", "d": "1", "x": "1", "y": "1" },
    { "a": "1", "b": "0", "c": "1", "d": "1", "x": "1", "y": "1" },
    { "a": "1", "b": "1", "c": "0", "d": "1", "x": "1", "y": "1" },
    { "a": "1", "b": "1", "c": "1", "d": "1", "x": "1", "y": "1" }
  ]
}```

Ran 3 test(s).
