# Reflexive-locmap tests

## iriw.c.litmus

```
{
  "x": "x",
  "y": "y",
  "2:r0": "2:r0",
  "2:r1": "2:r1",
  "3:r0": "3:r0",
  "3:r1": "3:r1"
}
```
## iriw_fuzz_redundant.c.litmus

```
{
  "MaJgQmON3yu": "MaJgQmON3yu",
  "VFTQNWN": "VFTQNWN",
  "ZgoV7uel9o": "ZgoV7uel9o",
  "m02M5s": "m02M5s",
  "ne0J8wrPQam": "ne0J8wrPQam",
  "x": "x",
  "y": "y",
  "3:r0": "3:r0",
  "3:r1": "3:r1",
  "4:r0": "4:r0",
  "4:r1": "4:r1"
}
```
## memalloy_cmpxchg.c.litmus

```
{ "x": "x", "0:r0": "0:r0" }
```
## memalloy_na_int.c.litmus

```
{ "x": "x", "0:r0": "0:r0" }
```
## rwc.c.litmus

```
{ "x": "x", "y": "y", "1:r0": "1:r0", "1:r1": "1:r1", "2:r0": "2:r0" }
```

Ran 5 test(s).
